// Jest Snapshot v1, https://goo.gl/fbAQLP

exports[`PhotoRequests component should match snapshot 1`] = `ShallowWrapper {}`;
